README.md
comandos.txt
comandos.txt:Zone.Identifier
run-tests.sh
run-xv6-command.exp
tests
tests-out
wish
wish.c
wish.c:Zone.Identifier
wish:Zone.Identifier
xv6-edit-makefile.sh
